0 0
1 0
1 1
1 2
2 2
3 2
3 1
4 1
5 1
5 2
6 2
6 3
6 4
6 5
6 6
5 6
5 5
4 5
3 5
3 6
2 6
1 6
0 6