0 0
1 0
2 0
3 0
3 1
4 1
5 1
6 1
7 1
8 1
8 2
8 3
8 4
8 5
8 6
9 6
9 7
9 8
8 8
7 8
6 8
5 8
5 7
5 6
5 5
4 5
3 5
2 5
1 5
0 5